Analysis & Elaboration report for lab3
Sat May 03 15:16:28 2025
Quartus Prime Version 20.1.1 Build 720 11/11/2020 SJ Lite Edition


---------------------
; Table of Contents ;
---------------------
  1. Legal Notice
  2. Analysis & Elaboration Summary
  3. Parallel Compilation
  4. Analysis & Elaboration Settings
  5. Analysis & Elaboration Messages



----------------
; Legal Notice ;
----------------
Copyright (C) 2020  Intel Corporation. All rights reserved.
Your use of Intel Corporation's design tools, logic functions 
and other software and tools, and any partner logic 
functions, and any output files from any of the foregoing 
(including device programming or simulation files), and any 
associated documentation or information are expressly subject 
to the terms and conditions of the Intel Program License 
Subscription Agreement, the Intel Quartus Prime License Agreement,
the Intel FPGA IP License Agreement, or other applicable license
agreement, including, without limitation, that your use is for
the sole purpose of programming logic devices manufactured by
Intel and sold by Intel or its authorized distributors.  Please
refer to the applicable agreement for further details, at
https://fpgasoftware.intel.com/eula.



+-----------------------------------------------------------------------------+
; Analysis & Elaboration Summary                                              ;
+-------------------------------+---------------------------------------------+
; Analysis & Elaboration Status ; Successful - Sat May 03 15:16:28 2025       ;
; Quartus Prime Version         ; 20.1.1 Build 720 11/11/2020 SJ Lite Edition ;
; Revision Name                 ; lab3                                        ;
; Top-level Entity Name         ; random_move_gen                             ;
; Family                        ; Cyclone V                                   ;
; Logic utilization (in ALMs)   ; N/A until Partition Merge                   ;
; Total registers               ; N/A until Partition Merge                   ;
; Total pins                    ; N/A until Partition Merge                   ;
; Total virtual pins            ; N/A until Partition Merge                   ;
; Total block memory bits       ; N/A until Partition Merge                   ;
; Total PLLs                    ; N/A until Partition Merge                   ;
; Total DLLs                    ; N/A until Partition Merge                   ;
+-------------------------------+---------------------------------------------+


+------------------------------------------+
; Parallel Compilation                     ;
+----------------------------+-------------+
; Processors                 ; Number      ;
+----------------------------+-------------+
; Number detected on machine ; 12          ;
; Maximum allowed            ; 12          ;
;                            ;             ;
; Average used               ; 1.00        ;
; Maximum used               ; 1           ;
;                            ;             ;
; Usage by Processor         ; % Time Used ;
;     Processor 1            ; 100.0%      ;
+----------------------------+-------------+


+---------------------------------------------------------------------------------------------------------------------------+
; Analysis & Elaboration Settings                                                                                           ;
+---------------------------------------------------------------------------------+--------------------+--------------------+
; Option                                                                          ; Setting            ; Default Value      ;
+---------------------------------------------------------------------------------+--------------------+--------------------+
; Device                                                                          ; 5CSXFC6D6F31C6     ;                    ;
; Top-level entity name                                                           ; random_move_gen    ; lab3               ;
; Family name                                                                     ; Cyclone V          ; Cyclone V          ;
; Use smart compilation                                                           ; Off                ; Off                ;
; Enable parallel Assembler and Timing Analyzer during compilation                ; On                 ; On                 ;
; Enable compact report table                                                     ; Off                ; Off                ;
; Restructure Multiplexers                                                        ; Auto               ; Auto               ;
; MLAB Add Timing Constraints For Mixed-Port Feed-Through Mode Setting Don't Care ; Off                ; Off                ;
; Create Debugging Nodes for IP Cores                                             ; Off                ; Off                ;
; Preserve fewer node names                                                       ; On                 ; On                 ;
; Intel FPGA IP Evaluation Mode                                                   ; Enable             ; Enable             ;
; Verilog Version                                                                 ; Verilog_2001       ; Verilog_2001       ;
; VHDL Version                                                                    ; VHDL_1993          ; VHDL_1993          ;
; State Machine Processing                                                        ; Auto               ; Auto               ;
; Safe State Machine                                                              ; Off                ; Off                ;
; Extract Verilog State Machines                                                  ; On                 ; On                 ;
; Extract VHDL State Machines                                                     ; On                 ; On                 ;
; Ignore Verilog initial constructs                                               ; Off                ; Off                ;
; Iteration limit for constant Verilog loops                                      ; 5000               ; 5000               ;
; Iteration limit for non-constant Verilog loops                                  ; 250                ; 250                ;
; Add Pass-Through Logic to Inferred RAMs                                         ; On                 ; On                 ;
; Infer RAMs from Raw Logic                                                       ; On                 ; On                 ;
; Parallel Synthesis                                                              ; On                 ; On                 ;
; DSP Block Balancing                                                             ; Auto               ; Auto               ;
; NOT Gate Push-Back                                                              ; On                 ; On                 ;
; Power-Up Don't Care                                                             ; On                 ; On                 ;
; Remove Redundant Logic Cells                                                    ; Off                ; Off                ;
; Remove Duplicate Registers                                                      ; On                 ; On                 ;
; Ignore CARRY Buffers                                                            ; Off                ; Off                ;
; Ignore CASCADE Buffers                                                          ; Off                ; Off                ;
; Ignore GLOBAL Buffers                                                           ; Off                ; Off                ;
; Ignore ROW GLOBAL Buffers                                                       ; Off                ; Off                ;
; Ignore LCELL Buffers                                                            ; Off                ; Off                ;
; Ignore SOFT Buffers                                                             ; On                 ; On                 ;
; Limit AHDL Integers to 32 Bits                                                  ; Off                ; Off                ;
; Optimization Technique                                                          ; Balanced           ; Balanced           ;
; Carry Chain Length                                                              ; 70                 ; 70                 ;
; Auto Carry Chains                                                               ; On                 ; On                 ;
; Auto Open-Drain Pins                                                            ; On                 ; On                 ;
; Perform WYSIWYG Primitive Resynthesis                                           ; Off                ; Off                ;
; Auto ROM Replacement                                                            ; On                 ; On                 ;
; Auto RAM Replacement                                                            ; On                 ; On                 ;
; Auto DSP Block Replacement                                                      ; On                 ; On                 ;
; Auto Shift Register Replacement                                                 ; Auto               ; Auto               ;
; Allow Shift Register Merging across Hierarchies                                 ; Auto               ; Auto               ;
; Auto Clock Enable Replacement                                                   ; On                 ; On                 ;
; Strict RAM Replacement                                                          ; Off                ; Off                ;
; Allow Synchronous Control Signals                                               ; On                 ; On                 ;
; Force Use of Synchronous Clear Signals                                          ; Off                ; Off                ;
; Auto Resource Sharing                                                           ; Off                ; Off                ;
; Allow Any RAM Size For Recognition                                              ; Off                ; Off                ;
; Allow Any ROM Size For Recognition                                              ; Off                ; Off                ;
; Allow Any Shift Register Size For Recognition                                   ; Off                ; Off                ;
; Use LogicLock Constraints during Resource Balancing                             ; On                 ; On                 ;
; Ignore translate_off and synthesis_off directives                               ; Off                ; Off                ;
; Timing-Driven Synthesis                                                         ; On                 ; On                 ;
; Report Parameter Settings                                                       ; On                 ; On                 ;
; Report Source Assignments                                                       ; On                 ; On                 ;
; Report Connectivity Checks                                                      ; On                 ; On                 ;
; Ignore Maximum Fan-Out Assignments                                              ; Off                ; Off                ;
; Synchronization Register Chain Length                                           ; 3                  ; 3                  ;
; Power Optimization During Synthesis                                             ; Normal compilation ; Normal compilation ;
; HDL message level                                                               ; Level2             ; Level2             ;
; Suppress Register Optimization Related Messages                                 ; Off                ; Off                ;
; Number of Removed Registers Reported in Synthesis Report                        ; 5000               ; 5000               ;
; Number of Swept Nodes Reported in Synthesis Report                              ; 5000               ; 5000               ;
; Number of Inverted Registers Reported in Synthesis Report                       ; 100                ; 100                ;
; Clock MUX Protection                                                            ; On                 ; On                 ;
; Auto Gated Clock Conversion                                                     ; Off                ; Off                ;
; Block Design Naming                                                             ; Auto               ; Auto               ;
; SDC constraint protection                                                       ; Off                ; Off                ;
; Synthesis Effort                                                                ; Auto               ; Auto               ;
; Shift Register Replacement - Allow Asynchronous Clear Signal                    ; On                 ; On                 ;
; Pre-Mapping Resynthesis Optimization                                            ; Off                ; Off                ;
; Analysis & Synthesis Message Level                                              ; Medium             ; Medium             ;
; Disable Register Merging Across Hierarchies                                     ; Auto               ; Auto               ;
; Resource Aware Inference For Block RAM                                          ; On                 ; On                 ;
; Automatic Parallel Synthesis                                                    ; On                 ; On                 ;
; Partial Reconfiguration Bitstream ID                                            ; Off                ; Off                ;
+---------------------------------------------------------------------------------+--------------------+--------------------+


+---------------------------------+
; Analysis & Elaboration Messages ;
+---------------------------------+
Info: *******************************************************************
Info: Running Quartus Prime Analysis & Elaboration
    Info: Version 20.1.1 Build 720 11/11/2020 SJ Lite Edition
    Info: Processing started: Sat May 03 15:16:23 2025
Info: Command: quartus_map --read_settings_files=on --write_settings_files=off lab3 -c lab3 --analysis_and_elaboration
Warning (18236): Number of processors has not been specified which may cause overloading on shared machines.  Set the global assignment NUM_PARALLEL_PROCESSORS in your QSF to an appropriate value for best performance.
Info (20030): Parallel compilation is enabled and will use 12 of the 12 processors detected
Info (12021): Found 1 design units, including 1 entities, in source file vga.sv
    Info (12023): Found entity 1: vga File: C:/Users/bloodxe/Desktop/arodriguez_isomarribas_osoto_digital_design_lab_2025/Lab3/vga.sv Line: 25
Info (12021): Found 1 design units, including 1 entities, in source file vgacontroller.sv
    Info (12023): Found entity 1: vgaController File: C:/Users/bloodxe/Desktop/arodriguez_isomarribas_osoto_digital_design_lab_2025/Lab3/vgaController.sv Line: 32
Info (12021): Found 1 design units, including 1 entities, in source file videogen.sv
    Info (12023): Found entity 1: videoGen File: C:/Users/bloodxe/Desktop/arodriguez_isomarribas_osoto_digital_design_lab_2025/Lab3/videoGen.sv Line: 17
Info (12021): Found 1 design units, including 1 entities, in source file chargenrom.sv
    Info (12023): Found entity 1: chargenrom File: C:/Users/bloodxe/Desktop/arodriguez_isomarribas_osoto_digital_design_lab_2025/Lab3/chargenrom.sv Line: 20
Info (12021): Found 1 design units, including 1 entities, in source file rectgen.sv
    Info (12023): Found entity 1: rectgen File: C:/Users/bloodxe/Desktop/arodriguez_isomarribas_osoto_digital_design_lab_2025/Lab3/rectgen.sv Line: 20
Info (12021): Found 1 design units, including 1 entities, in source file pll.v
    Info (12023): Found entity 1: pll File: C:/Users/bloodxe/Desktop/arodriguez_isomarribas_osoto_digital_design_lab_2025/Lab3/pll.v Line: 8
Info (12021): Found 1 design units, including 1 entities, in source file pll/pll_0002.v
    Info (12023): Found entity 1: pll_0002 File: C:/Users/bloodxe/Desktop/arodriguez_isomarribas_osoto_digital_design_lab_2025/Lab3/pll/pll_0002.v Line: 2
Info (12021): Found 1 design units, including 1 entities, in source file selectbox.sv
    Info (12023): Found entity 1: selectBox File: C:/Users/bloodxe/Desktop/arodriguez_isomarribas_osoto_digital_design_lab_2025/Lab3/selectBox.sv Line: 14
Info (12021): Found 1 design units, including 1 entities, in source file boardgrid.sv
    Info (12023): Found entity 1: boardGrid File: C:/Users/bloodxe/Desktop/arodriguez_isomarribas_osoto_digital_design_lab_2025/Lab3/boardGrid.sv Line: 17
Info (12021): Found 0 design units, including 0 entities, in source file color_types.sv
Info (12021): Found 1 design units, including 1 entities, in source file board_controller.sv
    Info (12023): Found entity 1: board_controller File: C:/Users/bloodxe/Desktop/arodriguez_isomarribas_osoto_digital_design_lab_2025/Lab3/board_controller.sv Line: 1
Info (12021): Found 1 design units, including 1 entities, in source file victory_checker.sv
    Info (12023): Found entity 1: victory_checker File: C:/Users/bloodxe/Desktop/arodriguez_isomarribas_osoto_digital_design_lab_2025/Lab3/victory_checker.sv Line: 1
Info (12021): Found 1 design units, including 1 entities, in source file game_core.sv
    Info (12023): Found entity 1: game_core File: C:/Users/bloodxe/Desktop/arodriguez_isomarribas_osoto_digital_design_lab_2025/Lab3/game_core.sv Line: 2
Info (12021): Found 1 design units, including 1 entities, in source file tb_game_core.sv
    Info (12023): Found entity 1: tb_game_core File: C:/Users/bloodxe/Desktop/arodriguez_isomarribas_osoto_digital_design_lab_2025/Lab3/tb_game_core.sv Line: 3
Info (12021): Found 1 design units, including 1 entities, in source file random_move_gen.sv
    Info (12023): Found entity 1: random_move_gen File: C:/Users/bloodxe/Desktop/arodriguez_isomarribas_osoto_digital_design_lab_2025/Lab3/random_move_gen.sv Line: 1
Info (12021): Found 1 design units, including 1 entities, in source file tb_random_move_gen.sv
    Info (12023): Found entity 1: tb_random_move_gen File: C:/Users/bloodxe/Desktop/arodriguez_isomarribas_osoto_digital_design_lab_2025/Lab3/tb_random_move_gen.sv Line: 3
Info (12127): Elaborating entity "random_move_gen" for the top level hierarchy
Warning (10230): Verilog HDL assignment warning at random_move_gen.sv(17): truncated value with size 32 to match size of target (3) File: C:/Users/bloodxe/Desktop/arodriguez_isomarribas_osoto_digital_design_lab_2025/Lab3/random_move_gen.sv Line: 17
Warning (20013): Ignored 16 assignments for entity "pll" -- entity does not exist in design
    Warning (20014): Assignment for entity set_global_assignment -name IP_TOOL_NAME altera_pll -entity pll -sip pll.sip -library lib_pll was ignored
    Warning (20014): Assignment for entity set_global_assignment -name IP_TOOL_VERSION 20.1 -entity pll -sip pll.sip -library lib_pll was ignored
    Warning (20014): Assignment for entity set_global_assignment -name IP_TOOL_ENV mwpim -entity pll -sip pll.sip -library lib_pll was ignored
Warning (20013): Ignored 317 assignments for entity "pll_0002" -- entity does not exist in design
Info: Quartus Prime Analysis & Elaboration was successful. 0 errors, 7 warnings
    Info: Peak virtual memory: 4768 megabytes
    Info: Processing ended: Sat May 03 15:16:28 2025
    Info: Elapsed time: 00:00:05
    Info: Total CPU time (on all processors): 00:00:09


