------------------------------------------------------------
Timing Analyzer Summary
------------------------------------------------------------

Type  : Slow 1100mV 85C Model Setup 'clk'
Slack : -2.524
TNS   : -4.980

Type  : Slow 1100mV 85C Model Setup 'vga_inst|vgapll|pll_inst|altera_pll_i|general[0].gpll~PLL_OUTPUT_COUNTER|divclk'
Slack : 36.170
TNS   : 0.000

Type  : Slow 1100mV 85C Model Hold 'clk'
Slack : 0.346
TNS   : 0.000

Type  : Slow 1100mV 85C Model Hold 'vga_inst|vgapll|pll_inst|altera_pll_i|general[0].gpll~PLL_OUTPUT_COUNTER|divclk'
Slack : 0.675
TNS   : 0.000

Type  : Slow 1100mV 85C Model Minimum Pulse Width 'vga_inst|vgapll|pll_inst|altera_pll_i|general[0].gpll~FRACTIONAL_PLL|vcoph[0]'
Slack : 0.497
TNS   : 0.000

Type  : Slow 1100mV 85C Model Minimum Pulse Width 'clk'
Slack : 9.258
TNS   : 0.000

Type  : Slow 1100mV 85C Model Minimum Pulse Width 'vga_inst|vgapll|pll_inst|altera_pll_i|general[0].gpll~PLL_OUTPUT_COUNTER|divclk'
Slack : 19.208
TNS   : 0.000

Type  : Slow 1100mV 0C Model Setup 'clk'
Slack : -2.303
TNS   : -4.539

Type  : Slow 1100mV 0C Model Setup 'vga_inst|vgapll|pll_inst|altera_pll_i|general[0].gpll~PLL_OUTPUT_COUNTER|divclk'
Slack : 36.194
TNS   : 0.000

Type  : Slow 1100mV 0C Model Hold 'clk'
Slack : 0.324
TNS   : 0.000

Type  : Slow 1100mV 0C Model Hold 'vga_inst|vgapll|pll_inst|altera_pll_i|general[0].gpll~PLL_OUTPUT_COUNTER|divclk'
Slack : 0.715
TNS   : 0.000

Type  : Slow 1100mV 0C Model Minimum Pulse Width 'vga_inst|vgapll|pll_inst|altera_pll_i|general[0].gpll~FRACTIONAL_PLL|vcoph[0]'
Slack : 0.497
TNS   : 0.000

Type  : Slow 1100mV 0C Model Minimum Pulse Width 'clk'
Slack : 9.240
TNS   : 0.000

Type  : Slow 1100mV 0C Model Minimum Pulse Width 'vga_inst|vgapll|pll_inst|altera_pll_i|general[0].gpll~PLL_OUTPUT_COUNTER|divclk'
Slack : 19.155
TNS   : 0.000

Type  : Fast 1100mV 85C Model Setup 'clk'
Slack : 2.797
TNS   : 0.000

Type  : Fast 1100mV 85C Model Setup 'vga_inst|vgapll|pll_inst|altera_pll_i|general[0].gpll~PLL_OUTPUT_COUNTER|divclk'
Slack : 37.748
TNS   : 0.000

Type  : Fast 1100mV 85C Model Hold 'clk'
Slack : 0.181
TNS   : 0.000

Type  : Fast 1100mV 85C Model Hold 'vga_inst|vgapll|pll_inst|altera_pll_i|general[0].gpll~PLL_OUTPUT_COUNTER|divclk'
Slack : 0.301
TNS   : 0.000

Type  : Fast 1100mV 85C Model Minimum Pulse Width 'vga_inst|vgapll|pll_inst|altera_pll_i|general[0].gpll~FRACTIONAL_PLL|vcoph[0]'
Slack : 0.497
TNS   : 0.000

Type  : Fast 1100mV 85C Model Minimum Pulse Width 'clk'
Slack : 9.405
TNS   : 0.000

Type  : Fast 1100mV 85C Model Minimum Pulse Width 'vga_inst|vgapll|pll_inst|altera_pll_i|general[0].gpll~PLL_OUTPUT_COUNTER|divclk'
Slack : 19.459
TNS   : 0.000

Type  : Fast 1100mV 0C Model Setup 'clk'
Slack : 3.553
TNS   : 0.000

Type  : Fast 1100mV 0C Model Setup 'vga_inst|vgapll|pll_inst|altera_pll_i|general[0].gpll~PLL_OUTPUT_COUNTER|divclk'
Slack : 37.862
TNS   : 0.000

Type  : Fast 1100mV 0C Model Hold 'clk'
Slack : 0.172
TNS   : 0.000

Type  : Fast 1100mV 0C Model Hold 'vga_inst|vgapll|pll_inst|altera_pll_i|general[0].gpll~PLL_OUTPUT_COUNTER|divclk'
Slack : 0.295
TNS   : 0.000

Type  : Fast 1100mV 0C Model Minimum Pulse Width 'vga_inst|vgapll|pll_inst|altera_pll_i|general[0].gpll~FRACTIONAL_PLL|vcoph[0]'
Slack : 0.497
TNS   : 0.000

Type  : Fast 1100mV 0C Model Minimum Pulse Width 'clk'
Slack : 9.408
TNS   : 0.000

Type  : Fast 1100mV 0C Model Minimum Pulse Width 'vga_inst|vgapll|pll_inst|altera_pll_i|general[0].gpll~PLL_OUTPUT_COUNTER|divclk'
Slack : 19.444
TNS   : 0.000

------------------------------------------------------------
