------------------------------------------------------------
Timing Analyzer Summary
------------------------------------------------------------

Type  : Slow 1100mV 85C Model Setup 'clk'
Slack : -2.527
TNS   : -5.051

Type  : Slow 1100mV 85C Model Setup 'vga_inst|vgapll|pll_inst|altera_pll_i|general[0].gpll~PLL_OUTPUT_COUNTER|divclk'
Slack : 35.233
TNS   : 0.000

Type  : Slow 1100mV 85C Model Hold 'clk'
Slack : 0.330
TNS   : 0.000

Type  : Slow 1100mV 85C Model Hold 'vga_inst|vgapll|pll_inst|altera_pll_i|general[0].gpll~PLL_OUTPUT_COUNTER|divclk'
Slack : 0.675
TNS   : 0.000

Type  : Slow 1100mV 85C Model Minimum Pulse Width 'vga_inst|vgapll|pll_inst|altera_pll_i|general[0].gpll~FRACTIONAL_PLL|vcoph[0]'
Slack : 0.497
TNS   : 0.000

Type  : Slow 1100mV 85C Model Minimum Pulse Width 'clk'
Slack : 9.384
TNS   : 0.000

Type  : Slow 1100mV 85C Model Minimum Pulse Width 'vga_inst|vgapll|pll_inst|altera_pll_i|general[0].gpll~PLL_OUTPUT_COUNTER|divclk'
Slack : 19.206
TNS   : 0.000

Type  : Slow 1100mV 0C Model Setup 'clk'
Slack : -2.590
TNS   : -5.175

Type  : Slow 1100mV 0C Model Setup 'vga_inst|vgapll|pll_inst|altera_pll_i|general[0].gpll~PLL_OUTPUT_COUNTER|divclk'
Slack : 35.301
TNS   : 0.000

Type  : Slow 1100mV 0C Model Hold 'clk'
Slack : 0.307
TNS   : 0.000

Type  : Slow 1100mV 0C Model Hold 'vga_inst|vgapll|pll_inst|altera_pll_i|general[0].gpll~PLL_OUTPUT_COUNTER|divclk'
Slack : 0.716
TNS   : 0.000

Type  : Slow 1100mV 0C Model Minimum Pulse Width 'vga_inst|vgapll|pll_inst|altera_pll_i|general[0].gpll~FRACTIONAL_PLL|vcoph[0]'
Slack : 0.497
TNS   : 0.000

Type  : Slow 1100mV 0C Model Minimum Pulse Width 'clk'
Slack : 9.237
TNS   : 0.000

Type  : Slow 1100mV 0C Model Minimum Pulse Width 'vga_inst|vgapll|pll_inst|altera_pll_i|general[0].gpll~PLL_OUTPUT_COUNTER|divclk'
Slack : 19.158
TNS   : 0.000

Type  : Fast 1100mV 85C Model Setup 'clk'
Slack : 2.632
TNS   : 0.000

Type  : Fast 1100mV 85C Model Setup 'vga_inst|vgapll|pll_inst|altera_pll_i|general[0].gpll~PLL_OUTPUT_COUNTER|divclk'
Slack : 37.121
TNS   : 0.000

Type  : Fast 1100mV 85C Model Hold 'clk'
Slack : 0.180
TNS   : 0.000

Type  : Fast 1100mV 85C Model Hold 'vga_inst|vgapll|pll_inst|altera_pll_i|general[0].gpll~PLL_OUTPUT_COUNTER|divclk'
Slack : 0.301
TNS   : 0.000

Type  : Fast 1100mV 85C Model Minimum Pulse Width 'vga_inst|vgapll|pll_inst|altera_pll_i|general[0].gpll~FRACTIONAL_PLL|vcoph[0]'
Slack : 0.497
TNS   : 0.000

Type  : Fast 1100mV 85C Model Minimum Pulse Width 'clk'
Slack : 9.405
TNS   : 0.000

Type  : Fast 1100mV 85C Model Minimum Pulse Width 'vga_inst|vgapll|pll_inst|altera_pll_i|general[0].gpll~PLL_OUTPUT_COUNTER|divclk'
Slack : 19.458
TNS   : 0.000

Type  : Fast 1100mV 0C Model Setup 'clk'
Slack : 3.410
TNS   : 0.000

Type  : Fast 1100mV 0C Model Setup 'vga_inst|vgapll|pll_inst|altera_pll_i|general[0].gpll~PLL_OUTPUT_COUNTER|divclk'
Slack : 37.320
TNS   : 0.000

Type  : Fast 1100mV 0C Model Hold 'clk'
Slack : 0.172
TNS   : 0.000

Type  : Fast 1100mV 0C Model Hold 'vga_inst|vgapll|pll_inst|altera_pll_i|general[0].gpll~PLL_OUTPUT_COUNTER|divclk'
Slack : 0.295
TNS   : 0.000

Type  : Fast 1100mV 0C Model Minimum Pulse Width 'vga_inst|vgapll|pll_inst|altera_pll_i|general[0].gpll~FRACTIONAL_PLL|vcoph[0]'
Slack : 0.497
TNS   : 0.000

Type  : Fast 1100mV 0C Model Minimum Pulse Width 'clk'
Slack : 9.408
TNS   : 0.000

Type  : Fast 1100mV 0C Model Minimum Pulse Width 'vga_inst|vgapll|pll_inst|altera_pll_i|general[0].gpll~PLL_OUTPUT_COUNTER|divclk'
Slack : 19.444
TNS   : 0.000

------------------------------------------------------------
