------------------------------------------------------------
Timing Analyzer Summary
------------------------------------------------------------

Type  : Slow 1100mV 85C Model Setup 'selbutton'
Slack : -0.317
TNS   : -1.630

Type  : Slow 1100mV 85C Model Hold 'selbutton'
Slack : 0.303
TNS   : 0.000

Type  : Slow 1100mV 85C Model Minimum Pulse Width 'selbutton'
Slack : -0.394
TNS   : -4.655

Type  : Slow 1100mV 0C Model Setup 'selbutton'
Slack : -0.373
TNS   : -1.994

Type  : Slow 1100mV 0C Model Hold 'selbutton'
Slack : 0.281
TNS   : 0.000

Type  : Slow 1100mV 0C Model Minimum Pulse Width 'selbutton'
Slack : -0.394
TNS   : -4.483

Type  : Fast 1100mV 85C Model Setup 'selbutton'
Slack : 0.281
TNS   : 0.000

Type  : Fast 1100mV 85C Model Hold 'selbutton'
Slack : 0.184
TNS   : 0.000

Type  : Fast 1100mV 85C Model Minimum Pulse Width 'selbutton'
Slack : -0.300
TNS   : -2.506

Type  : Fast 1100mV 0C Model Setup 'selbutton'
Slack : 0.301
TNS   : 0.000

Type  : Fast 1100mV 0C Model Hold 'selbutton'
Slack : 0.164
TNS   : 0.000

Type  : Fast 1100mV 0C Model Minimum Pulse Width 'selbutton'
Slack : -0.289
TNS   : -2.425

------------------------------------------------------------
