Analysis & Elaboration report for alu
Fri Mar 28 09:49:09 2025
Quartus Prime Version 20.1.1 Build 720 11/11/2020 SJ Lite Edition


---------------------
; Table of Contents ;
---------------------
  1. Legal Notice
  2. Analysis & Elaboration Summary
  3. Parallel Compilation
  4. Parameter Settings for User Entity Instance: Top-level Entity: |alu
  5. Parameter Settings for User Entity Instance: adder:sumador
  6. Parameter Settings for User Entity Instance: sustractor:restador
  7. Parameter Settings for User Entity Instance: multiplier:multiplicador
  8. Parameter Settings for User Entity Instance: multiplier:multiplicador|adder:adders[0].adderX
  9. Parameter Settings for User Entity Instance: multiplier:multiplicador|adder:adders[1].adderX
 10. Parameter Settings for User Entity Instance: multiplier:multiplicador|adder:adders[2].adderX
 11. Parameter Settings for User Entity Instance: multiplier:multiplicador|adder:adders[3].adderX
 12. Parameter Settings for User Entity Instance: div_operation:operacion_div
 13. Parameter Settings for User Entity Instance: or_operation:operacion_or
 14. Parameter Settings for User Entity Instance: xor_operation:operacion_xor
 15. Parameter Settings for User Entity Instance: and_operation:operacion_and
 16. Parameter Settings for User Entity Instance: modulo_operation:operacion_modulo
 17. Parameter Settings for User Entity Instance: shift_l:shift_left
 18. Parameter Settings for User Entity Instance: shift_r:shift_right
 19. Parameter Settings for User Entity Instance: mux_alu:mux_resultados
 20. Parameter Settings for User Entity Instance: mux_alu:mux_flags
 21. Parameter Settings for User Entity Instance: display_7seg:display_a
 22. Parameter Settings for User Entity Instance: display_7seg:display_b
 23. Parameter Settings for User Entity Instance: display_7seg:display_r
 24. Analysis & Elaboration Settings
 25. Port Connectivity Checks: "multiplier:multiplicador|adder:adders[3].adderX"
 26. Port Connectivity Checks: "multiplier:multiplicador|adder:adders[2].adderX"
 27. Port Connectivity Checks: "multiplier:multiplicador|adder:adders[1].adderX"
 28. Port Connectivity Checks: "multiplier:multiplicador|adder:adders[0].adderX"
 29. Port Connectivity Checks: "sustractor:restador|full_subtractor:subtractor_loop[0].fs"
 30. Port Connectivity Checks: "adder:sumador"
 31. Analysis & Elaboration Messages



----------------
; Legal Notice ;
----------------
Copyright (C) 2020  Intel Corporation. All rights reserved.
Your use of Intel Corporation's design tools, logic functions 
and other software and tools, and any partner logic 
functions, and any output files from any of the foregoing 
(including device programming or simulation files), and any 
associated documentation or information are expressly subject 
to the terms and conditions of the Intel Program License 
Subscription Agreement, the Intel Quartus Prime License Agreement,
the Intel FPGA IP License Agreement, or other applicable license
agreement, including, without limitation, that your use is for
the sole purpose of programming logic devices manufactured by
Intel and sold by Intel or its authorized distributors.  Please
refer to the applicable agreement for further details, at
https://fpgasoftware.intel.com/eula.



+-----------------------------------------------------------------------------+
; Analysis & Elaboration Summary                                              ;
+-------------------------------+---------------------------------------------+
; Analysis & Elaboration Status ; Successful - Fri Mar 28 09:49:09 2025       ;
; Quartus Prime Version         ; 20.1.1 Build 720 11/11/2020 SJ Lite Edition ;
; Revision Name                 ; alu                                         ;
; Top-level Entity Name         ; alu                                         ;
; Family                        ; Cyclone V                                   ;
; Logic utilization (in ALMs)   ; N/A until Partition Merge                   ;
; Total registers               ; N/A until Partition Merge                   ;
; Total pins                    ; N/A until Partition Merge                   ;
; Total virtual pins            ; N/A until Partition Merge                   ;
; Total block memory bits       ; N/A until Partition Merge                   ;
; Total PLLs                    ; N/A until Partition Merge                   ;
; Total DLLs                    ; N/A until Partition Merge                   ;
+-------------------------------+---------------------------------------------+


+------------------------------------------+
; Parallel Compilation                     ;
+----------------------------+-------------+
; Processors                 ; Number      ;
+----------------------------+-------------+
; Number detected on machine ; 4           ;
; Maximum allowed            ; 4           ;
;                            ;             ;
; Average used               ; 1.00        ;
; Maximum used               ; 1           ;
;                            ;             ;
; Usage by Processor         ; % Time Used ;
;     Processor 1            ; 100.0%      ;
+----------------------------+-------------+


+---------------------------------------------------------------------+
; Parameter Settings for User Entity Instance: Top-level Entity: |alu ;
+----------------+-------+--------------------------------------------+
; Parameter Name ; Value ; Type                                       ;
+----------------+-------+--------------------------------------------+
; N              ; 4     ; Signed Integer                             ;
+----------------+-------+--------------------------------------------+
Note: In order to hide this table in the UI and the text report file, please set the "Show Parameter Settings in Synthesis Report" option in "Analysis and Synthesis Settings -> More Settings" to "Off".


+------------------------------------------------------------+
; Parameter Settings for User Entity Instance: adder:sumador ;
+----------------+-------+-----------------------------------+
; Parameter Name ; Value ; Type                              ;
+----------------+-------+-----------------------------------+
; N              ; 4     ; Signed Integer                    ;
+----------------+-------+-----------------------------------+
Note: In order to hide this table in the UI and the text report file, please set the "Show Parameter Settings in Synthesis Report" option in "Analysis and Synthesis Settings -> More Settings" to "Off".


+------------------------------------------------------------------+
; Parameter Settings for User Entity Instance: sustractor:restador ;
+----------------+-------+-----------------------------------------+
; Parameter Name ; Value ; Type                                    ;
+----------------+-------+-----------------------------------------+
; N              ; 4     ; Signed Integer                          ;
+----------------+-------+-----------------------------------------+
Note: In order to hide this table in the UI and the text report file, please set the "Show Parameter Settings in Synthesis Report" option in "Analysis and Synthesis Settings -> More Settings" to "Off".


+-----------------------------------------------------------------------+
; Parameter Settings for User Entity Instance: multiplier:multiplicador ;
+----------------+-------+----------------------------------------------+
; Parameter Name ; Value ; Type                                         ;
+----------------+-------+----------------------------------------------+
; N              ; 4     ; Signed Integer                               ;
+----------------+-------+----------------------------------------------+
Note: In order to hide this table in the UI and the text report file, please set the "Show Parameter Settings in Synthesis Report" option in "Analysis and Synthesis Settings -> More Settings" to "Off".


+----------------------------------------------------------------------------------------------+
; Parameter Settings for User Entity Instance: multiplier:multiplicador|adder:adders[0].adderX ;
+----------------+-------+---------------------------------------------------------------------+
; Parameter Name ; Value ; Type                                                                ;
+----------------+-------+---------------------------------------------------------------------+
; N              ; 8     ; Signed Integer                                                      ;
+----------------+-------+---------------------------------------------------------------------+
Note: In order to hide this table in the UI and the text report file, please set the "Show Parameter Settings in Synthesis Report" option in "Analysis and Synthesis Settings -> More Settings" to "Off".


+----------------------------------------------------------------------------------------------+
; Parameter Settings for User Entity Instance: multiplier:multiplicador|adder:adders[1].adderX ;
+----------------+-------+---------------------------------------------------------------------+
; Parameter Name ; Value ; Type                                                                ;
+----------------+-------+---------------------------------------------------------------------+
; N              ; 8     ; Signed Integer                                                      ;
+----------------+-------+---------------------------------------------------------------------+
Note: In order to hide this table in the UI and the text report file, please set the "Show Parameter Settings in Synthesis Report" option in "Analysis and Synthesis Settings -> More Settings" to "Off".


+----------------------------------------------------------------------------------------------+
; Parameter Settings for User Entity Instance: multiplier:multiplicador|adder:adders[2].adderX ;
+----------------+-------+---------------------------------------------------------------------+
; Parameter Name ; Value ; Type                                                                ;
+----------------+-------+---------------------------------------------------------------------+
; N              ; 8     ; Signed Integer                                                      ;
+----------------+-------+---------------------------------------------------------------------+
Note: In order to hide this table in the UI and the text report file, please set the "Show Parameter Settings in Synthesis Report" option in "Analysis and Synthesis Settings -> More Settings" to "Off".


+----------------------------------------------------------------------------------------------+
; Parameter Settings for User Entity Instance: multiplier:multiplicador|adder:adders[3].adderX ;
+----------------+-------+---------------------------------------------------------------------+
; Parameter Name ; Value ; Type                                                                ;
+----------------+-------+---------------------------------------------------------------------+
; N              ; 8     ; Signed Integer                                                      ;
+----------------+-------+---------------------------------------------------------------------+
Note: In order to hide this table in the UI and the text report file, please set the "Show Parameter Settings in Synthesis Report" option in "Analysis and Synthesis Settings -> More Settings" to "Off".


+--------------------------------------------------------------------------+
; Parameter Settings for User Entity Instance: div_operation:operacion_div ;
+----------------+-------+-------------------------------------------------+
; Parameter Name ; Value ; Type                                            ;
+----------------+-------+-------------------------------------------------+
; N              ; 4     ; Signed Integer                                  ;
+----------------+-------+-------------------------------------------------+
Note: In order to hide this table in the UI and the text report file, please set the "Show Parameter Settings in Synthesis Report" option in "Analysis and Synthesis Settings -> More Settings" to "Off".


+------------------------------------------------------------------------+
; Parameter Settings for User Entity Instance: or_operation:operacion_or ;
+----------------+-------+-----------------------------------------------+
; Parameter Name ; Value ; Type                                          ;
+----------------+-------+-----------------------------------------------+
; N              ; 4     ; Signed Integer                                ;
+----------------+-------+-----------------------------------------------+
Note: In order to hide this table in the UI and the text report file, please set the "Show Parameter Settings in Synthesis Report" option in "Analysis and Synthesis Settings -> More Settings" to "Off".


+--------------------------------------------------------------------------+
; Parameter Settings for User Entity Instance: xor_operation:operacion_xor ;
+----------------+-------+-------------------------------------------------+
; Parameter Name ; Value ; Type                                            ;
+----------------+-------+-------------------------------------------------+
; N              ; 4     ; Signed Integer                                  ;
+----------------+-------+-------------------------------------------------+
Note: In order to hide this table in the UI and the text report file, please set the "Show Parameter Settings in Synthesis Report" option in "Analysis and Synthesis Settings -> More Settings" to "Off".


+--------------------------------------------------------------------------+
; Parameter Settings for User Entity Instance: and_operation:operacion_and ;
+----------------+-------+-------------------------------------------------+
; Parameter Name ; Value ; Type                                            ;
+----------------+-------+-------------------------------------------------+
; N              ; 4     ; Signed Integer                                  ;
+----------------+-------+-------------------------------------------------+
Note: In order to hide this table in the UI and the text report file, please set the "Show Parameter Settings in Synthesis Report" option in "Analysis and Synthesis Settings -> More Settings" to "Off".


+--------------------------------------------------------------------------------+
; Parameter Settings for User Entity Instance: modulo_operation:operacion_modulo ;
+----------------+-------+-------------------------------------------------------+
; Parameter Name ; Value ; Type                                                  ;
+----------------+-------+-------------------------------------------------------+
; N              ; 4     ; Signed Integer                                        ;
+----------------+-------+-------------------------------------------------------+
Note: In order to hide this table in the UI and the text report file, please set the "Show Parameter Settings in Synthesis Report" option in "Analysis and Synthesis Settings -> More Settings" to "Off".


+-----------------------------------------------------------------+
; Parameter Settings for User Entity Instance: shift_l:shift_left ;
+----------------+-------+----------------------------------------+
; Parameter Name ; Value ; Type                                   ;
+----------------+-------+----------------------------------------+
; N              ; 4     ; Signed Integer                         ;
+----------------+-------+----------------------------------------+
Note: In order to hide this table in the UI and the text report file, please set the "Show Parameter Settings in Synthesis Report" option in "Analysis and Synthesis Settings -> More Settings" to "Off".


+------------------------------------------------------------------+
; Parameter Settings for User Entity Instance: shift_r:shift_right ;
+----------------+-------+-----------------------------------------+
; Parameter Name ; Value ; Type                                    ;
+----------------+-------+-----------------------------------------+
; N              ; 4     ; Signed Integer                          ;
+----------------+-------+-----------------------------------------+
Note: In order to hide this table in the UI and the text report file, please set the "Show Parameter Settings in Synthesis Report" option in "Analysis and Synthesis Settings -> More Settings" to "Off".


+---------------------------------------------------------------------+
; Parameter Settings for User Entity Instance: mux_alu:mux_resultados ;
+----------------+-------+--------------------------------------------+
; Parameter Name ; Value ; Type                                       ;
+----------------+-------+--------------------------------------------+
; N              ; 4     ; Signed Integer                             ;
+----------------+-------+--------------------------------------------+
Note: In order to hide this table in the UI and the text report file, please set the "Show Parameter Settings in Synthesis Report" option in "Analysis and Synthesis Settings -> More Settings" to "Off".


+----------------------------------------------------------------+
; Parameter Settings for User Entity Instance: mux_alu:mux_flags ;
+----------------+-------+---------------------------------------+
; Parameter Name ; Value ; Type                                  ;
+----------------+-------+---------------------------------------+
; N              ; 4     ; Signed Integer                        ;
+----------------+-------+---------------------------------------+
Note: In order to hide this table in the UI and the text report file, please set the "Show Parameter Settings in Synthesis Report" option in "Analysis and Synthesis Settings -> More Settings" to "Off".


+---------------------------------------------------------------------+
; Parameter Settings for User Entity Instance: display_7seg:display_a ;
+----------------+-------+--------------------------------------------+
; Parameter Name ; Value ; Type                                       ;
+----------------+-------+--------------------------------------------+
; N              ; 4     ; Signed Integer                             ;
+----------------+-------+--------------------------------------------+
Note: In order to hide this table in the UI and the text report file, please set the "Show Parameter Settings in Synthesis Report" option in "Analysis and Synthesis Settings -> More Settings" to "Off".


+---------------------------------------------------------------------+
; Parameter Settings for User Entity Instance: display_7seg:display_b ;
+----------------+-------+--------------------------------------------+
; Parameter Name ; Value ; Type                                       ;
+----------------+-------+--------------------------------------------+
; N              ; 4     ; Signed Integer                             ;
+----------------+-------+--------------------------------------------+
Note: In order to hide this table in the UI and the text report file, please set the "Show Parameter Settings in Synthesis Report" option in "Analysis and Synthesis Settings -> More Settings" to "Off".


+---------------------------------------------------------------------+
; Parameter Settings for User Entity Instance: display_7seg:display_r ;
+----------------+-------+--------------------------------------------+
; Parameter Name ; Value ; Type                                       ;
+----------------+-------+--------------------------------------------+
; N              ; 4     ; Signed Integer                             ;
+----------------+-------+--------------------------------------------+
Note: In order to hide this table in the UI and the text report file, please set the "Show Parameter Settings in Synthesis Report" option in "Analysis and Synthesis Settings -> More Settings" to "Off".


+---------------------------------------------------------------------------------------------------------------------------+
; Analysis & Elaboration Settings                                                                                           ;
+---------------------------------------------------------------------------------+--------------------+--------------------+
; Option                                                                          ; Setting            ; Default Value      ;
+---------------------------------------------------------------------------------+--------------------+--------------------+
; Device                                                                          ; 5CSXFC6D6F31C6     ;                    ;
; Top-level entity name                                                           ; alu                ; alu                ;
; Family name                                                                     ; Cyclone V          ; Cyclone V          ;
; Use smart compilation                                                           ; Off                ; Off                ;
; Enable parallel Assembler and Timing Analyzer during compilation                ; On                 ; On                 ;
; Enable compact report table                                                     ; Off                ; Off                ;
; Restructure Multiplexers                                                        ; Auto               ; Auto               ;
; MLAB Add Timing Constraints For Mixed-Port Feed-Through Mode Setting Don't Care ; Off                ; Off                ;
; Create Debugging Nodes for IP Cores                                             ; Off                ; Off                ;
; Preserve fewer node names                                                       ; On                 ; On                 ;
; Intel FPGA IP Evaluation Mode                                                   ; Enable             ; Enable             ;
; Verilog Version                                                                 ; Verilog_2001       ; Verilog_2001       ;
; VHDL Version                                                                    ; VHDL_1993          ; VHDL_1993          ;
; State Machine Processing                                                        ; Auto               ; Auto               ;
; Safe State Machine                                                              ; Off                ; Off                ;
; Extract Verilog State Machines                                                  ; On                 ; On                 ;
; Extract VHDL State Machines                                                     ; On                 ; On                 ;
; Ignore Verilog initial constructs                                               ; Off                ; Off                ;
; Iteration limit for constant Verilog loops                                      ; 5000               ; 5000               ;
; Iteration limit for non-constant Verilog loops                                  ; 250                ; 250                ;
; Add Pass-Through Logic to Inferred RAMs                                         ; On                 ; On                 ;
; Infer RAMs from Raw Logic                                                       ; On                 ; On                 ;
; Parallel Synthesis                                                              ; On                 ; On                 ;
; DSP Block Balancing                                                             ; Auto               ; Auto               ;
; NOT Gate Push-Back                                                              ; On                 ; On                 ;
; Power-Up Don't Care                                                             ; On                 ; On                 ;
; Remove Redundant Logic Cells                                                    ; Off                ; Off                ;
; Remove Duplicate Registers                                                      ; On                 ; On                 ;
; Ignore CARRY Buffers                                                            ; Off                ; Off                ;
; Ignore CASCADE Buffers                                                          ; Off                ; Off                ;
; Ignore GLOBAL Buffers                                                           ; Off                ; Off                ;
; Ignore ROW GLOBAL Buffers                                                       ; Off                ; Off                ;
; Ignore LCELL Buffers                                                            ; Off                ; Off                ;
; Ignore SOFT Buffers                                                             ; On                 ; On                 ;
; Limit AHDL Integers to 32 Bits                                                  ; Off                ; Off                ;
; Optimization Technique                                                          ; Balanced           ; Balanced           ;
; Carry Chain Length                                                              ; 70                 ; 70                 ;
; Auto Carry Chains                                                               ; On                 ; On                 ;
; Auto Open-Drain Pins                                                            ; On                 ; On                 ;
; Perform WYSIWYG Primitive Resynthesis                                           ; Off                ; Off                ;
; Auto ROM Replacement                                                            ; On                 ; On                 ;
; Auto RAM Replacement                                                            ; On                 ; On                 ;
; Auto DSP Block Replacement                                                      ; On                 ; On                 ;
; Auto Shift Register Replacement                                                 ; Auto               ; Auto               ;
; Allow Shift Register Merging across Hierarchies                                 ; Auto               ; Auto               ;
; Auto Clock Enable Replacement                                                   ; On                 ; On                 ;
; Strict RAM Replacement                                                          ; Off                ; Off                ;
; Allow Synchronous Control Signals                                               ; On                 ; On                 ;
; Force Use of Synchronous Clear Signals                                          ; Off                ; Off                ;
; Auto Resource Sharing                                                           ; Off                ; Off                ;
; Allow Any RAM Size For Recognition                                              ; Off                ; Off                ;
; Allow Any ROM Size For Recognition                                              ; Off                ; Off                ;
; Allow Any Shift Register Size For Recognition                                   ; Off                ; Off                ;
; Use LogicLock Constraints during Resource Balancing                             ; On                 ; On                 ;
; Ignore translate_off and synthesis_off directives                               ; Off                ; Off                ;
; Timing-Driven Synthesis                                                         ; On                 ; On                 ;
; Report Parameter Settings                                                       ; On                 ; On                 ;
; Report Source Assignments                                                       ; On                 ; On                 ;
; Report Connectivity Checks                                                      ; On                 ; On                 ;
; Ignore Maximum Fan-Out Assignments                                              ; Off                ; Off                ;
; Synchronization Register Chain Length                                           ; 3                  ; 3                  ;
; Power Optimization During Synthesis                                             ; Normal compilation ; Normal compilation ;
; HDL message level                                                               ; Level2             ; Level2             ;
; Suppress Register Optimization Related Messages                                 ; Off                ; Off                ;
; Number of Removed Registers Reported in Synthesis Report                        ; 5000               ; 5000               ;
; Number of Swept Nodes Reported in Synthesis Report                              ; 5000               ; 5000               ;
; Number of Inverted Registers Reported in Synthesis Report                       ; 100                ; 100                ;
; Clock MUX Protection                                                            ; On                 ; On                 ;
; Auto Gated Clock Conversion                                                     ; Off                ; Off                ;
; Block Design Naming                                                             ; Auto               ; Auto               ;
; SDC constraint protection                                                       ; Off                ; Off                ;
; Synthesis Effort                                                                ; Auto               ; Auto               ;
; Shift Register Replacement - Allow Asynchronous Clear Signal                    ; On                 ; On                 ;
; Pre-Mapping Resynthesis Optimization                                            ; Off                ; Off                ;
; Analysis & Synthesis Message Level                                              ; Medium             ; Medium             ;
; Disable Register Merging Across Hierarchies                                     ; Auto               ; Auto               ;
; Resource Aware Inference For Block RAM                                          ; On                 ; On                 ;
; Automatic Parallel Synthesis                                                    ; On                 ; On                 ;
; Partial Reconfiguration Bitstream ID                                            ; Off                ; Off                ;
+---------------------------------------------------------------------------------+--------------------+--------------------+


+----------------------------------------------------------------------------------------------------------------------------------------+
; Port Connectivity Checks: "multiplier:multiplicador|adder:adders[3].adderX"                                                            ;
+---------+--------+----------+----------------------------------------------------------------------------------------------------------+
; Port    ; Type   ; Severity ; Details                                                                                                  ;
+---------+--------+----------+----------------------------------------------------------------------------------------------------------+
; a[2..0] ; Input  ; Info     ; Stuck at GND                                                                                             ;
; a[7]    ; Input  ; Info     ; Stuck at GND                                                                                             ;
; cout    ; Output ; Info     ; Connected to dangling logic. Logic that only feeds a dangling port will be removed.                      ;
; flags   ; Output ; Warning  ; Declared by entity but not connected by instance. Logic that only feeds a dangling port will be removed. ;
+---------+--------+----------+----------------------------------------------------------------------------------------------------------+


+----------------------------------------------------------------------------------------------------------------------------------------+
; Port Connectivity Checks: "multiplier:multiplicador|adder:adders[2].adderX"                                                            ;
+---------+--------+----------+----------------------------------------------------------------------------------------------------------+
; Port    ; Type   ; Severity ; Details                                                                                                  ;
+---------+--------+----------+----------------------------------------------------------------------------------------------------------+
; a[7..6] ; Input  ; Info     ; Stuck at GND                                                                                             ;
; a[1..0] ; Input  ; Info     ; Stuck at GND                                                                                             ;
; flags   ; Output ; Warning  ; Declared by entity but not connected by instance. Logic that only feeds a dangling port will be removed. ;
+---------+--------+----------+----------------------------------------------------------------------------------------------------------+


+----------------------------------------------------------------------------------------------------------------------------------------+
; Port Connectivity Checks: "multiplier:multiplicador|adder:adders[1].adderX"                                                            ;
+---------+--------+----------+----------------------------------------------------------------------------------------------------------+
; Port    ; Type   ; Severity ; Details                                                                                                  ;
+---------+--------+----------+----------------------------------------------------------------------------------------------------------+
; a[7..5] ; Input  ; Info     ; Stuck at GND                                                                                             ;
; a[0]    ; Input  ; Info     ; Stuck at GND                                                                                             ;
; flags   ; Output ; Warning  ; Declared by entity but not connected by instance. Logic that only feeds a dangling port will be removed. ;
+---------+--------+----------+----------------------------------------------------------------------------------------------------------+


+----------------------------------------------------------------------------------------------------------------------------------------+
; Port Connectivity Checks: "multiplier:multiplicador|adder:adders[0].adderX"                                                            ;
+---------+--------+----------+----------------------------------------------------------------------------------------------------------+
; Port    ; Type   ; Severity ; Details                                                                                                  ;
+---------+--------+----------+----------------------------------------------------------------------------------------------------------+
; a[7..4] ; Input  ; Info     ; Stuck at GND                                                                                             ;
; b       ; Input  ; Info     ; Stuck at GND                                                                                             ;
; cin     ; Input  ; Info     ; Stuck at GND                                                                                             ;
; flags   ; Output ; Warning  ; Declared by entity but not connected by instance. Logic that only feeds a dangling port will be removed. ;
+---------+--------+----------+----------------------------------------------------------------------------------------------------------+


+---------------------------------------------------------------------------------------+
; Port Connectivity Checks: "sustractor:restador|full_subtractor:subtractor_loop[0].fs" ;
+------+-------+----------+-------------------------------------------------------------+
; Port ; Type  ; Severity ; Details                                                     ;
+------+-------+----------+-------------------------------------------------------------+
; bin  ; Input ; Info     ; Stuck at GND                                                ;
+------+-------+----------+-------------------------------------------------------------+


+------------------------------------------------------------------------------------------------------------------------------------------------------------------------------------------------------------------+
; Port Connectivity Checks: "adder:sumador"                                                                                                                                                                        ;
+---------+--------+----------+------------------------------------------------------------------------------------------------------------------------------------------------------------------------------------+
; Port    ; Type   ; Severity ; Details                                                                                                                                                                            ;
+---------+--------+----------+------------------------------------------------------------------------------------------------------------------------------------------------------------------------------------+
; cin     ; Input  ; Warning  ; Input port expression (32 bits) is wider than the input port (1 bits) it drives.  The 31 most-significant bit(s) in the expression will be dangling if they have no other fanouts. ;
; cin[-1] ; Input  ; Info     ; Stuck at GND                                                                                                                                                                       ;
; cout    ; Output ; Info     ; Connected to dangling logic. Logic that only feeds a dangling port will be removed.                                                                                                ;
+---------+--------+----------+------------------------------------------------------------------------------------------------------------------------------------------------------------------------------------+


+---------------------------------+
; Analysis & Elaboration Messages ;
+---------------------------------+
Info: *******************************************************************
Info: Running Quartus Prime Analysis & Elaboration
    Info: Version 20.1.1 Build 720 11/11/2020 SJ Lite Edition
    Info: Processing started: Fri Mar 28 09:49:01 2025
Info: Command: quartus_map --read_settings_files=on --write_settings_files=off alu -c alu --analysis_and_elaboration
Warning (18236): Number of processors has not been specified which may cause overloading on shared machines.  Set the global assignment NUM_PARALLEL_PROCESSORS in your QSF to an appropriate value for best performance.
Info (20030): Parallel compilation is enabled and will use 4 of the 4 processors detected
Info (12021): Found 1 design units, including 1 entities, in source file alu.sv
    Info (12023): Found entity 1: alu File: C:/Users/caman/Documents/Github/arodriguez_isomarribas_osoto_digital_design_lab_2025/Lab2/alu.sv Line: 1
Info (12021): Found 1 design units, including 1 entities, in source file alu_tb.sv
    Info (12023): Found entity 1: alu_tb File: C:/Users/caman/Documents/Github/arodriguez_isomarribas_osoto_digital_design_lab_2025/Lab2/alu_tb.sv Line: 1
Info (12021): Found 1 design units, including 1 entities, in source file adder.sv
    Info (12023): Found entity 1: adder File: C:/Users/caman/Documents/Github/arodriguez_isomarribas_osoto_digital_design_lab_2025/Lab2/adder.sv Line: 2
Info (12021): Found 2 design units, including 2 entities, in source file sustractor.sv
    Info (12023): Found entity 1: full_subtractor File: C:/Users/caman/Documents/Github/arodriguez_isomarribas_osoto_digital_design_lab_2025/Lab2/sustractor.sv Line: 1
    Info (12023): Found entity 2: sustractor File: C:/Users/caman/Documents/Github/arodriguez_isomarribas_osoto_digital_design_lab_2025/Lab2/sustractor.sv Line: 15
Warning (10275): Verilog HDL Module Instantiation warning at multiplier.sv(21): ignored dangling comma in List of Port Connections File: C:/Users/caman/Documents/Github/arodriguez_isomarribas_osoto_digital_design_lab_2025/Lab2/multiplier.sv Line: 21
Info (12021): Found 1 design units, including 1 entities, in source file multiplier.sv
    Info (12023): Found entity 1: multiplier File: C:/Users/caman/Documents/Github/arodriguez_isomarribas_osoto_digital_design_lab_2025/Lab2/multiplier.sv Line: 3
Info (12021): Found 1 design units, including 1 entities, in source file adder_tb.sv
    Info (12023): Found entity 1: adder_tb File: C:/Users/caman/Documents/Github/arodriguez_isomarribas_osoto_digital_design_lab_2025/Lab2/adder_tb.sv Line: 2
Info (12021): Found 1 design units, including 1 entities, in source file multiplier_tb.sv
    Info (12023): Found entity 1: multiplier_tb File: C:/Users/caman/Documents/Github/arodriguez_isomarribas_osoto_digital_design_lab_2025/Lab2/multiplier_tb.sv Line: 3
Info (12021): Found 1 design units, including 1 entities, in source file sustractor_tb.sv
    Info (12023): Found entity 1: sustractor_tb File: C:/Users/caman/Documents/Github/arodriguez_isomarribas_osoto_digital_design_lab_2025/Lab2/sustractor_tb.sv Line: 1
Info (12021): Found 1 design units, including 1 entities, in source file mux_alu.sv
    Info (12023): Found entity 1: mux_alu File: C:/Users/caman/Documents/Github/arodriguez_isomarribas_osoto_digital_design_lab_2025/Lab2/mux_alu.sv Line: 1
Info (12021): Found 1 design units, including 1 entities, in source file and_operation.sv
    Info (12023): Found entity 1: and_operation File: C:/Users/caman/Documents/Github/arodriguez_isomarribas_osoto_digital_design_lab_2025/Lab2/and_operation.sv Line: 1
Info (12021): Found 1 design units, including 1 entities, in source file xor_operation.sv
    Info (12023): Found entity 1: xor_operation File: C:/Users/caman/Documents/Github/arodriguez_isomarribas_osoto_digital_design_lab_2025/Lab2/xor_operation.sv Line: 1
Info (12021): Found 1 design units, including 1 entities, in source file or_operation.sv
    Info (12023): Found entity 1: or_operation File: C:/Users/caman/Documents/Github/arodriguez_isomarribas_osoto_digital_design_lab_2025/Lab2/or_operation.sv Line: 1
Info (12021): Found 1 design units, including 1 entities, in source file modulo_operation.sv
    Info (12023): Found entity 1: modulo_operation File: C:/Users/caman/Documents/Github/arodriguez_isomarribas_osoto_digital_design_lab_2025/Lab2/modulo_operation.sv Line: 1
Info (12021): Found 1 design units, including 1 entities, in source file display_7seg.v
    Info (12023): Found entity 1: display_7seg File: C:/Users/caman/Documents/Github/arodriguez_isomarribas_osoto_digital_design_lab_2025/Lab2/display_7seg.v Line: 1
Info (12021): Found 1 design units, including 1 entities, in source file div_operation.sv
    Info (12023): Found entity 1: div_operation File: C:/Users/caman/Documents/Github/arodriguez_isomarribas_osoto_digital_design_lab_2025/Lab2/div_operation.sv Line: 1
Info (12021): Found 1 design units, including 1 entities, in source file shift_l.v
    Info (12023): Found entity 1: shift_l File: C:/Users/caman/Documents/Github/arodriguez_isomarribas_osoto_digital_design_lab_2025/Lab2/shift_l.v Line: 1
Info (12021): Found 1 design units, including 1 entities, in source file output_files/shift_r.v
    Info (12023): Found entity 1: shift_r File: C:/Users/caman/Documents/Github/arodriguez_isomarribas_osoto_digital_design_lab_2025/Lab2/output_files/shift_r.v Line: 1
Info (12021): Found 1 design units, including 1 entities, in source file test.sv
    Info (12023): Found entity 1: test File: C:/Users/caman/Documents/Github/arodriguez_isomarribas_osoto_digital_design_lab_2025/Lab2/test.sv Line: 1
Info (12127): Elaborating entity "alu" for the top level hierarchy
Info (12128): Elaborating entity "adder" for hierarchy "adder:sumador" File: C:/Users/caman/Documents/Github/arodriguez_isomarribas_osoto_digital_design_lab_2025/Lab2/alu.sv Line: 32
Info (12128): Elaborating entity "sustractor" for hierarchy "sustractor:restador" File: C:/Users/caman/Documents/Github/arodriguez_isomarribas_osoto_digital_design_lab_2025/Lab2/alu.sv Line: 39
Warning (10230): Verilog HDL assignment warning at sustractor.sv(49): truncated value with size 32 to match size of target (4) File: C:/Users/caman/Documents/Github/arodriguez_isomarribas_osoto_digital_design_lab_2025/Lab2/sustractor.sv Line: 49
Info (12128): Elaborating entity "full_subtractor" for hierarchy "sustractor:restador|full_subtractor:subtractor_loop[0].fs" File: C:/Users/caman/Documents/Github/arodriguez_isomarribas_osoto_digital_design_lab_2025/Lab2/sustractor.sv Line: 38
Info (12128): Elaborating entity "multiplier" for hierarchy "multiplier:multiplicador" File: C:/Users/caman/Documents/Github/arodriguez_isomarribas_osoto_digital_design_lab_2025/Lab2/alu.sv Line: 46
Warning (10230): Verilog HDL assignment warning at multiplier.sv(106): truncated value with size 8 to match size of target (4) File: C:/Users/caman/Documents/Github/arodriguez_isomarribas_osoto_digital_design_lab_2025/Lab2/multiplier.sv Line: 106
Info (12128): Elaborating entity "adder" for hierarchy "multiplier:multiplicador|adder:adders[0].adderX" File: C:/Users/caman/Documents/Github/arodriguez_isomarribas_osoto_digital_design_lab_2025/Lab2/multiplier.sv Line: 21
Info (12128): Elaborating entity "div_operation" for hierarchy "div_operation:operacion_div" File: C:/Users/caman/Documents/Github/arodriguez_isomarribas_osoto_digital_design_lab_2025/Lab2/alu.sv Line: 53
Warning (10230): Verilog HDL assignment warning at div_operation.sv(9): truncated value with size 32 to match size of target (4) File: C:/Users/caman/Documents/Github/arodriguez_isomarribas_osoto_digital_design_lab_2025/Lab2/div_operation.sv Line: 9
Info (12128): Elaborating entity "or_operation" for hierarchy "or_operation:operacion_or" File: C:/Users/caman/Documents/Github/arodriguez_isomarribas_osoto_digital_design_lab_2025/Lab2/alu.sv Line: 60
Info (12128): Elaborating entity "xor_operation" for hierarchy "xor_operation:operacion_xor" File: C:/Users/caman/Documents/Github/arodriguez_isomarribas_osoto_digital_design_lab_2025/Lab2/alu.sv Line: 67
Info (12128): Elaborating entity "and_operation" for hierarchy "and_operation:operacion_and" File: C:/Users/caman/Documents/Github/arodriguez_isomarribas_osoto_digital_design_lab_2025/Lab2/alu.sv Line: 74
Info (12128): Elaborating entity "modulo_operation" for hierarchy "modulo_operation:operacion_modulo" File: C:/Users/caman/Documents/Github/arodriguez_isomarribas_osoto_digital_design_lab_2025/Lab2/alu.sv Line: 81
Warning (10230): Verilog HDL assignment warning at modulo_operation.sv(14): truncated value with size 32 to match size of target (4) File: C:/Users/caman/Documents/Github/arodriguez_isomarribas_osoto_digital_design_lab_2025/Lab2/modulo_operation.sv Line: 14
Info (12128): Elaborating entity "shift_l" for hierarchy "shift_l:shift_left" File: C:/Users/caman/Documents/Github/arodriguez_isomarribas_osoto_digital_design_lab_2025/Lab2/alu.sv Line: 88
Info (12128): Elaborating entity "shift_r" for hierarchy "shift_r:shift_right" File: C:/Users/caman/Documents/Github/arodriguez_isomarribas_osoto_digital_design_lab_2025/Lab2/alu.sv Line: 95
Info (12128): Elaborating entity "mux_alu" for hierarchy "mux_alu:mux_resultados" File: C:/Users/caman/Documents/Github/arodriguez_isomarribas_osoto_digital_design_lab_2025/Lab2/alu.sv Line: 133
Info (12128): Elaborating entity "display_7seg" for hierarchy "display_7seg:display_a" File: C:/Users/caman/Documents/Github/arodriguez_isomarribas_osoto_digital_design_lab_2025/Lab2/alu.sv Line: 174
Warning (10230): Verilog HDL assignment warning at display_7seg.v(13): truncated value with size 32 to match size of target (4) File: C:/Users/caman/Documents/Github/arodriguez_isomarribas_osoto_digital_design_lab_2025/Lab2/display_7seg.v Line: 13
Warning (10230): Verilog HDL assignment warning at display_7seg.v(14): truncated value with size 32 to match size of target (4) File: C:/Users/caman/Documents/Github/arodriguez_isomarribas_osoto_digital_design_lab_2025/Lab2/display_7seg.v Line: 14
Warning (12241): 5 hierarchies have connectivity warnings - see the Connectivity Checks report folder
Info: Quartus Prime Analysis & Elaboration was successful. 0 errors, 9 warnings
    Info: Peak virtual memory: 4770 megabytes
    Info: Processing ended: Fri Mar 28 09:49:09 2025
    Info: Elapsed time: 00:00:08
    Info: Total CPU time (on all processors): 00:00:16


